============================================================
  Generated by:           Genus(TM) Synthesis Solution 21.14-s082_1
  Generated on:           Jul 21 2026  11:43:22 am
  Module:                 mesh_4x4_top
  Operating conditions:   _nominal_ (balanced_tree)
  Wireload mode:          enclosed
  Area mode:              timing library
============================================================

        Instance                        Module                Cell Count  Cell Area  Net Area   Total Area   Wireload  
-----------------------------------------------------------------------------------------------------------------------
mesh_4x4_top                                                        5486 152299.128     0.000   152299.128 <none> (D)  
  ROW[0].COL[0].u_router noc_router_XPOS0_YPOS0_AW2_PW8_DW12         157   5086.710     0.000     5086.710 <none> (D)  
  ROW[0].COL[1].u_router noc_router_XPOS1_YPOS0_AW2_PW8_DW12         293   8793.460     0.000     8793.460 <none> (D)  
  ROW[0].COL[2].u_router noc_router_XPOS2_YPOS0_AW2_PW8_DW12         297   9009.740     0.000     9009.740 <none> (D)  
  ROW[0].COL[3].u_router noc_router_XPOS3_YPOS0_AW2_PW8_DW12         141   5218.420     0.000     5218.420 <none> (D)  
  ROW[1].COL[0].u_router noc_router_XPOS0_YPOS1_AW2_PW8_DW12         336   9194.870     0.000     9194.870 <none> (D)  
  ROW[1].COL[1].u_router noc_router_XPOS1_YPOS1_AW2_PW8_DW12         510  13344.040     0.000    13344.040 <none> (D)  
  ROW[1].COL[2].u_router noc_router_XPOS2_YPOS1_AW2_PW8_DW12         584  14617.250     0.000    14617.250 <none> (D)  
  ROW[1].COL[3].u_router noc_router_XPOS3_YPOS1_AW2_PW8_DW12         332   9310.970     0.000     9310.970 <none> (D)  
  ROW[2].COL[0].u_router noc_router_XPOS0_YPOS2_AW2_PW8_DW12         384   9759.350     0.000     9759.350 <none> (D)  
  ROW[2].COL[1].u_router noc_router_XPOS1_YPOS2_AW2_PW8_DW12         557  14087.170     0.000    14087.170 <none> (D)  
  ROW[2].COL[2].u_router noc_router_XPOS2_YPOS2_AW2_PW8_DW12         574  14501.130     0.000    14501.130 <none> (D)  
  ROW[2].COL[3].u_router noc_router_XPOS3_YPOS2_AW2_PW8_DW12         288   8404.660     0.000     8404.660 <none> (D)  
  ROW[3].COL[0].u_router noc_router_XPOS0_YPOS3_AW2_PW8_DW12         191   5801.640     0.000     5801.640 <none> (D)  
  ROW[3].COL[1].u_router noc_router_XPOS1_YPOS3_AW2_PW8_DW12         339   9549.230     0.000     9549.230 <none> (D)  
  ROW[3].COL[2].u_router noc_router_XPOS2_YPOS3_AW2_PW8_DW12         361  10220.250     0.000    10220.250 <none> (D)  
  ROW[3].COL[3].u_router noc_router_XPOS3_YPOS3_AW2_PW8_DW12         142   5400.240     0.000     5400.240 <none> (D)  
  (D) = wireload is default in technology library
