============================================================
  Generated by:           Genus(TM) Synthesis Solution 21.14-s082_1
  Generated on:           Jul 21 2026  11:43:22 am
  Module:                 mesh_4x4_top
  Operating conditions:   _nominal_ (balanced_tree)
  Wireload mode:          enclosed
  Area mode:              timing library
============================================================

                                  
   Gate     Instances     Area           Library       
-------------------------------------------------------
an02d0             94    1473.920    tsl18fs120_scl_ss 
an02d1             37     580.160    tsl18fs120_scl_ss 
an03d0              6     112.920    tsl18fs120_scl_ss 
an03d1             11     207.020    tsl18fs120_scl_ss 
an04d1              3      75.270    tsl18fs120_scl_ss 
aoi211d1           34     639.880    tsl18fs120_scl_ss 
aoi21d1            65    1019.200    tsl18fs120_scl_ss 
aoi221d1           70    1756.300    tsl18fs120_scl_ss 
aoi222d1           18     564.480    tsl18fs120_scl_ss 
aoi22d1           752   14152.640    tsl18fs120_scl_ss 
aoi311d1            5     109.750    tsl18fs120_scl_ss 
aoi31d1            21     395.220    tsl18fs120_scl_ss 
aoi321d1           11     344.960    tsl18fs120_scl_ss 
aoi322d1           10     345.000    tsl18fs120_scl_ss 
aoim211d1           2      43.900    tsl18fs120_scl_ss 
aoim21d1           22     414.040    tsl18fs120_scl_ss 
aoim22d1           62    1360.900    tsl18fs120_scl_ss 
aoim2m11d1          1      28.220    tsl18fs120_scl_ss 
aoim31d1            4      87.800    tsl18fs120_scl_ss 
aon211d1           42     790.440    tsl18fs120_scl_ss 
aor211d1           20     501.800    tsl18fs120_scl_ss 
aor21d1            27     592.650    tsl18fs120_scl_ss 
aor221d1            4     125.440    tsl18fs120_scl_ss 
aor222d1          139    5230.570    tsl18fs120_scl_ss 
aor22d1            87    2182.830    tsl18fs120_scl_ss 
aor311d1           22     551.980    tsl18fs120_scl_ss 
aor31d1            10     219.500    tsl18fs120_scl_ss 
decrq1            758   66559.978    tsl18fs120_scl_ss 
dfcrb1            129    9304.770    tsl18fs120_scl_ss 
dfcrn1              1      65.860    tsl18fs120_scl_ss 
dfcrq1             23    1514.780    tsl18fs120_scl_ss 
inv0d0            807    5059.890    tsl18fs120_scl_ss 
inv0d1              3      28.230    tsl18fs120_scl_ss 
mx02d1              6     150.540    tsl18fs120_scl_ss 
nd02d0             13     163.020    tsl18fs120_scl_ss 
nd02d1            473    5931.420    tsl18fs120_scl_ss 
nd03d0              5      78.400    tsl18fs120_scl_ss 
nd03d1            157    2461.760    tsl18fs120_scl_ss 
nd04d1             47     884.540    tsl18fs120_scl_ss 
nd12d0              1      15.680    tsl18fs120_scl_ss 
nd12d1            196    3073.280    tsl18fs120_scl_ss 
nd13d1              1      21.950    tsl18fs120_scl_ss 
nd23d1              2      56.440    tsl18fs120_scl_ss 
nr02d0             50     627.000    tsl18fs120_scl_ss 
nr02d1            277    3473.580    tsl18fs120_scl_ss 
nr03d1            112    1756.160    tsl18fs120_scl_ss 
nr04d0              1      18.820    tsl18fs120_scl_ss 
nr04d1             59    1110.380    tsl18fs120_scl_ss 
nr23d1              2      50.180    tsl18fs120_scl_ss 
oai211d1          112    2107.840    tsl18fs120_scl_ss 
oai21d1           109    1709.120    tsl18fs120_scl_ss 
oai221d1           29     818.380    tsl18fs120_scl_ss 
oai222d1           42    1185.240    tsl18fs120_scl_ss 
oai22d1           199    3745.180    tsl18fs120_scl_ss 
oai311d1            9     225.810    tsl18fs120_scl_ss 
oai31d1            21     460.950    tsl18fs120_scl_ss 
oai321d1            8     250.880    tsl18fs120_scl_ss 
oai322d1           16     552.000    tsl18fs120_scl_ss 
oaim211d1          48    1204.320    tsl18fs120_scl_ss 
oaim21d1           50     941.000    tsl18fs120_scl_ss 
oaim22d1           15     376.350    tsl18fs120_scl_ss 
oaim311d1           1      28.220    tsl18fs120_scl_ss 
oaim31d1            1      25.090    tsl18fs120_scl_ss 
oan211d1           43     809.260    tsl18fs120_scl_ss 
or02d0             22     344.960    tsl18fs120_scl_ss 
or02d1             24     376.320    tsl18fs120_scl_ss 
or03d0             12     263.400    tsl18fs120_scl_ss 
or03d1              6     131.700    tsl18fs120_scl_ss 
or04d0              2      50.180    tsl18fs120_scl_ss 
or04d1             10     250.900    tsl18fs120_scl_ss 
ora211d1            3      75.270    tsl18fs120_scl_ss 
ora311d1            1      28.220    tsl18fs120_scl_ss 
ora31d1             1      25.090    tsl18fs120_scl_ss 
-------------------------------------------------------
total            5486  152299.128                      


                                           
     Type      Instances    Area    Area % 
-------------------------------------------
sequential           911  77445.388   50.9 
inverter             810   5088.120    3.3 
logic               3765  69765.620   45.8 
physical_cells         0      0.000    0.0 
-------------------------------------------
total               5486 152299.128  100.0 

