============================================================
  Generated by:           Genus(TM) Synthesis Solution 21.14-s082_1
  Generated on:           Jul 21 2026  11:43:22 am
  Module:                 mesh_4x4_top
  Operating conditions:   _nominal_ (balanced_tree)
  Wireload mode:          enclosed
  Area mode:              timing library
============================================================

Timing
--------

Clock  Period 
--------------
clk   20000.0 


  Cost    Critical         Violating 
 Group   Path Slack  TNS     Paths   
-------------------------------------
clk         11098.6   0.0          0 
default    No paths   0.0            
-------------------------------------
Total                 0.0          0 

Instance Count
--------------
Leaf Instance Count             5486 
Physical Instance count            0 
Sequential Instance Count        911 
Combinational Instance Count    4575 
Hierarchical Instance Count       16 

Area
----
Cell Area                          152299.128
Physical Cell Area                 0.000
Total Cell Area (Cell+Physical)    152299.128
Net Area                           0.000
Total Area (Cell+Physical+Net)     152299.128

Max Fanout                         911 (clk)
Min Fanout                         0 (E_in_r[3][0])
Average Fanout                     2.7
Terms to net ratio                 3.7105
Terms to instance ratio            4.1312
Runtime                            101.75803799999998 seconds
Elapsed Runtime                    253 seconds
Genus peak memory usage            1792.59 
Innovus peak memory usage          no_value 
Hostname                           localhost
