============================================================
  Generated by:           Genus(TM) Synthesis Solution 21.14-s082_1
  Generated on:           Jul 21 2026  11:43:22 am
  Module:                 mesh_4x4_top
  Operating conditions:   _nominal_ (balanced_tree)
  Wireload mode:          enclosed
  Area mode:              timing library
============================================================


Path 1: MET (11099 ps) Late External Delay Assertion at pin pe_out_data[68]
          Group: clk
     Startpoint: (F) pe_out_ready[5]
          Clock: (R) clk
       Endpoint: (R) pe_out_data[68]
          Clock: (R) clk

                     Capture       Launch     
        Clock Edge:+   20000            0     
        Drv Adjust:+       0            0     
       Src Latency:+       0            0     
       Net Latency:+       0 (I)        0 (I) 
           Arrival:=   20000            0     
                                              
      Output Delay:-    2000                  
       Uncertainty:-     500                  
     Required Time:=   17500                  
      Launch Clock:-       0                  
       Input Delay:-    2000                  
         Data Path:-    4401                  
             Slack:=   11099                  

Exceptions/Constraints:
  input_delay              2000            mesh_4x4.sdc_line_23_214_1 
  output_delay             2000            mesh_4x4.sdc_line_30_369_1 

#-----------------------------------------------------------------------------------------------------------------
#             Timing Point               Flags    Arc   Edge   Cell     Fanout  Load Trans Delay Arrival Instance 
#                                                                               (fF)  (ps)  (ps)   (ps)  Location 
#-----------------------------------------------------------------------------------------------------------------
  pe_out_ready[5]                        -       -      F     (arrival)      3   8.9     0     0    2000    (-,-) 
  ROW[1].COL[1].u_router/g21997/ZN       -       I->ZN  R     inv0d0         4  15.4   880   421    2421    (-,-) 
  ROW[1].COL[1].u_router/g21889/Z        -       A4->Z  R     or04d0         2   7.7   291   382    2803    (-,-) 
  ROW[1].COL[1].u_router/g21856/ZN       -       A1->ZN F     aoi22d1        2   5.6   187   109    2912    (-,-) 
  ROW[1].COL[1].u_router/g21838/ZN       -       A1->ZN R     oai22d1        2   7.6   573   223    3135    (-,-) 
  ROW[1].COL[1].u_router/g21817/ZN       -       A1->ZN F     aoi22d1        4  13.1   276   183    3318    (-,-) 
  ROW[1].COL[1].u_router/g21810/ZN       -       I->ZN  R     inv0d0         7  26.1  1451   734    4052    (-,-) 
  ROW[1].COL[1].u_router/g21732__7098/ZN -       A->ZN  F     aon211d1       2   7.0   383   283    4335    (-,-) 
  ROW[1].COL[1].u_router/g21696__1617/ZN -       C1->ZN R     oai221d1      11  41.4  1631   838    5173    (-,-) 
  ROW[1].COL[1].u_router/g22013/Z        -       A1->Z  R     or02d1         2   5.8   151   259    5432    (-,-) 
  ROW[1].COL[1].u_router/g21628__5107/Z  -       A1->Z  R     or04d1         4 151.4  1881   970    6401    (-,-) 
  pe_out_data[68]                        <<<     -      R     (port)         -     -     -     0    6401    (-,-) 
#-----------------------------------------------------------------------------------------------------------------

